0.22_a1.2_t1_main W 0.0383(0.0040) p 0.4847(0.0129) floor 0.0001 +sl 0.0221 b:True c:True
0.22_a1.2_t2_main W 0.0793(0.0070) p 0.4553(0.0129) floor 0.0009 +sl 0.0457 b:True c:True
0.22_a1.2_t4_main W 0.1681(0.0117) p 0.3987(0.0126) floor 0.0045 +sl 0.0850 b:True c:True
0.22_a1.2_t8_main W 0.2963(0.0165) p 0.3160(0.0120) floor 0.0153 +sl 0.1072 b:True c:True
0.22_a1.2_t16_main W 0.5291(0.0206) p 0.1847(0.0100) floor 0.0472 +sl 0.1450 b:True c:True
0.22_a1.2_t32_main W 0.6539(0.0213) p 0.0887(0.0073) floor 0.0866 +sl 0.1551 b:True c:True
0.22_a2.4_t1_main W 0.2174(0.0139) p 0.4507(0.0128) floor 0.0011 +sl 0.1265 b:True c:True
0.22_a2.4_t2_main W 0.4568(0.0248) p 0.3660(0.0124) floor 0.0080 +sl 0.2383 b:True c:True
0.22_a2.4_t4_main W 1.0684(0.0401) p 0.1880(0.0101) floor 0.0462 +sl 0.4375 b:True c:True
0.22_a2.4_t8_main W 1.4736(0.0448) p 0.0673(0.0065) floor 0.0982 +sl 0.3974 b:True c:True
0.22_a2.4_t16_main W 1.5121(0.0427) p 0.0087(0.0024) floor 0.1415 +sl 0.3136 b:True c:True
0.22_a2.4_t32_main W 1.2857(0.0367) p 0.0120(0.0028) floor 0.1382 +sl 0.2260 b:True c:True
0.28_a1.2_t1_main W 0.0658(0.0057) p 0.4687(0.0129) floor 0.0006 +sl 0.0433 b:True c:True
0.28_a1.2_t2_main W 0.1043(0.0085) p 0.4360(0.0128) floor 0.0023 +sl 0.0622 b:True c:True
0.28_a1.2_t4_main W 0.2253(0.0134) p 0.3613(0.0124) floor 0.0109 +sl 0.1155 b:True c:True
0.28_a1.2_t8_main W 0.3753(0.0176) p 0.2593(0.0113) floor 0.0338 +sl 0.1491 b:True c:True
0.28_a1.2_t12_main W 0.5060(0.0198) p 0.1847(0.0100) floor 0.0601 +sl 0.1746 b:True c:True
0.28_a2.4_t1_main W 0.2705(0.0151) p 0.4320(0.0128) floor 0.0026 +sl 0.1652 b:True c:True
0.28_a2.4_t2_main W 0.6242(0.0287) p 0.3040(0.0119) floor 0.0221 +sl 0.3749 b:True c:True
0.28_a2.4_t4_main W 1.1032(0.0391) p 0.1547(0.0093) floor 0.0735 +sl 0.4678 b:True c:True
0.28_a2.4_t8_main W 1.4699(0.0434) p 0.0473(0.0055) floor 0.1407 +sl 0.4297 b:True c:True
0.28_a2.4_t12_main W 1.4506(0.0423) p 0.0240(0.0040) floor 0.1624 +sl 0.3631 b:True c:True
0.22_a2.4_t16_wall W 1.5337(0.0215) p 0.0088(0.0012) floor 0.1414 +sl 0.3154 b:True c:True
0.22_a2.4_t55_wall W 1.0482(0.0153) p 0.0150(0.0016) floor 0.1354 +sl 0.1846 b:True c:True
0.28_a2.4_t12_wall W 1.4817(0.0213) p 0.0215(0.0019) floor 0.1650 +sl 0.3677 b:True c:True
0.28_a2.4_t32_wall W 1.1083(0.0164) p 0.0268(0.0021) floor 0.1595 +sl 0.2340 b:True c:True
null D=0.22 jarz 0.9880(0.0107) holds True
null D=0.28 jarz 0.9990(0.0189) holds True
dt/2 W 0.0487 vs 0.0469 band 0.0177 holds True
wall D=0.22 best 0.0088 wall 0.0150 gap 0.0062 (3sig 0.0059) True
wall D=0.28 best 0.0215 wall 0.0268 gap 0.0053 (3sig 0.0084) False
clauses: {'a': True, 'b': True, 'c': True, 'd': False}
